// Jest Snapshot v1, https://goo.gl/fbAQLP

exports[`Loader renders correctly 1`] = `
<span
  class="loader"
  data-testid="loader"
/>
`;
